[DEBUG] 2025-08-10 19:08:21.257 [main] TestNG - suiteXmlPath: "c:\Users\Reetanshu Kumar\Documents\Learning\javapractice\demo\src\main\resources\testng.xml"
[INFO ] 2025-08-10 19:08:23.233 [main] Login - login successfull
[INFO ] 2025-08-10 19:08:23.382 [main] Login - Page title: Swag Labs
[INFO ] 2025-08-10 19:08:23.411 [main] Login - Login test passed with product count as: 6
[INFO ] 2025-08-10 19:08:23.517 [main] Login - Browser closed successfully
[DEBUG] 2025-08-10 19:56:04.454 [main] TestNG - suiteXmlPath: "c:\Users\Reetanshu Kumar\Documents\Learning\javapractice\demo\src\main\resources\testng.xml"
[INFO ] 2025-08-10 19:56:07.513 [main] Login - login successfull
[INFO ] 2025-08-10 19:56:07.739 [main] Login - Page title: Swag Labs
[INFO ] 2025-08-10 19:56:07.776 [main] Login - Login test passed with product count as: 6
[INFO ] 2025-08-10 19:56:07.885 [main] Login - Browser closed successfully
[DEBUG] 2025-08-10 20:00:06.772 [main] TestNG - suiteXmlPath: "c:\Users\Reetanshu Kumar\Documents\Learning\javapractice\demo\src\main\resources\testng.xml"
[INFO ] 2025-08-10 20:00:09.066 [main] Login - login successfull
[INFO ] 2025-08-10 20:00:09.262 [main] Login - Page title: Swag Labs
[INFO ] 2025-08-10 20:00:09.297 [main] Login - Login test passed with product count as: 6
[INFO ] 2025-08-10 20:00:09.358 [main] Login - Browser closed successfully
[DEBUG] 2025-08-10 20:03:49.442 [main] TestNG - suiteXmlPath: "c:\Users\Reetanshu Kumar\Documents\Learning\javapractice\demo\src\main\resources\testng.xml"
[INFO ] 2025-08-10 20:03:51.637 [main] Login - login successfull
[INFO ] 2025-08-10 20:03:51.857 [main] Login - Page title: Swag Labs
[INFO ] 2025-08-10 20:03:51.891 [main] Login - Login test passed with product count as: 6
[INFO ] 2025-08-10 20:03:51.988 [main] Login - Browser closed successfully
[DEBUG] 2025-08-10 20:04:29.451 [main] TestNG - suiteXmlPath: "c:\Users\Reetanshu Kumar\Documents\Learning\javapractice\demo\src\main\resources\testng.xml"
[INFO ] 2025-08-10 20:04:31.586 [main] Login - login successfull
[INFO ] 2025-08-10 20:04:31.781 [main] Login - Page title: Swag Labs
[INFO ] 2025-08-10 20:04:31.816 [main] Login - Login test passed with product count as: 6
[INFO ] 2025-08-10 20:04:31.907 [main] Login - Browser closed successfully
[DEBUG] 2025-08-10 22:40:40.802 [main] TestNG - suiteXmlPath: "c:\Users\Reetanshu Kumar\Documents\Learning\javapractice\demo\src\main\resources\testng.xml"
[INFO ] 2025-08-10 22:40:44.799 [main] Login - login successfull
[INFO ] 2025-08-10 22:40:45.101 [main] Login - Page title: Swag Labs
[INFO ] 2025-08-10 22:40:45.162 [main] Login - Login test passed with product count as: 6
[INFO ] 2025-08-10 22:40:45.396 [main] Login - Browser closed successfully
[DEBUG] 2025-08-10 22:42:58.002 [main] TestNG - suiteXmlPath: "c:\Users\Reetanshu Kumar\Documents\Learning\javapractice\demo\src\main\resources\testng.xml"
[INFO ] 2025-08-10 22:43:00.886 [main] Login - login successfull
[INFO ] 2025-08-10 22:43:01.170 [main] Login - Page title: Swag Labs
[INFO ] 2025-08-10 22:43:01.232 [main] Login - Login test passed with product count as: 6
[INFO ] 2025-08-10 22:43:01.492 [main] Login - Browser closed successfully
[DEBUG] 2025-08-10 23:01:21.969 [main] TestNG - suiteXmlPath: "c:\Users\Reetanshu Kumar\Documents\Learning\javapractice\demo\src\main\resources\testng.xml"
[INFO ] 2025-08-10 23:01:25.750 [main] Login - login successfull
[INFO ] 2025-08-10 23:01:25.996 [main] Login - Page title: Swag Labs
[INFO ] 2025-08-10 23:01:26.046 [main] Login - Login test passed with product count as: 6
[INFO ] 2025-08-10 23:01:26.184 [main] Login - Browser closed successfully
[INFO ] 2025-08-10 23:01:30.062 [main] APITests - Running sample API test with employee count: 24
[INFO ] 2025-08-10 23:01:30.063 [main] APITests - GET API Test Passed
[DEBUG] 2025-08-10 23:12:16.474 [main] TestNG - suiteXmlPath: "c:\Users\Reetanshu Kumar\Documents\GitHub\selenium-restassured-automation\src\main\resources\testng.xml"
[INFO ] 2025-08-10 23:12:19.733 [main] Login - login successfull
[INFO ] 2025-08-10 23:12:19.989 [main] Login - Page title: Swag Labs
[INFO ] 2025-08-10 23:12:20.057 [main] Login - Login test passed with product count as: 6
[INFO ] 2025-08-10 23:12:20.267 [main] Login - Browser closed successfully
[INFO ] 2025-08-10 23:12:24.430 [main] APITests - Running sample API test with employee count: 24
[INFO ] 2025-08-10 23:12:24.430 [main] APITests - GET API Test Passed
[INFO ] 2025-08-15 13:21:13.988 [main] APITests - Running sample API test with employee count: 24
[INFO ] 2025-08-15 13:21:13.993 [main] APITests - GET API Test Passed
[INFO ] 2025-08-15 13:23:03.752 [main] APITests - Running sample API test with employee count: 24
[INFO ] 2025-08-15 13:23:03.756 [main] APITests - GET API Test Passed
[INFO ] 2025-08-15 13:24:40.893 [main] APITests - Running sample API test with employee count: 24
[INFO ] 2025-08-15 13:24:40.897 [main] APITests - GET API Test Passed
[INFO ] 2025-08-15 13:25:55.379 [main] APITests - Running sample API test with employee count: 24
[INFO ] 2025-08-15 13:25:55.382 [main] APITests - GET API Test Passed
[INFO ] 2025-08-15 13:28:43.911 [main] APITests - Running sample API test with employee count: 24
[INFO ] 2025-08-15 13:28:43.921 [main] APITests - GET API Test Passed
[INFO ] 2025-08-15 13:31:26.268 [main] APITests - Running sample API test with employee count: 24
[INFO ] 2025-08-15 13:31:26.273 [main] APITests - GET API Test Passed
[DEBUG] 2025-08-15 20:27:16.325 [main] TestNG - suiteXmlPath: "c:\Users\Reetanshu Kumar\Documents\GitHub\selenium-restassured-automation\src\main\resources\testng.xml"
[INFO ] 2025-08-15 20:27:27.739 [main] APITests - Running sample API test with employee count: 24
[INFO ] 2025-08-15 20:27:27.739 [main] APITests - GET API Test Passed
[INFO ] 2025-08-15 20:27:28.347 [main] APITests - POST Response: {"id":"ff8081819782e69e0198ae3c76e027c3","name":"Apple IPhone 13-RK","createdAt":"2025-08-15T14:57:34.944+00:00","data":{"year":2021,"price":899.99,"CPU model":"Google Tensor","Hard disk size":"128 GB"}}
[DEBUG] 2025-08-15 20:37:03.448 [main] TestNG - suiteXmlPath: "c:\Users\Reetanshu Kumar\Documents\GitHub\selenium-restassured-automation\src\main\resources\testng.xml"
[INFO ] 2025-08-15 20:37:11.977 [main] APITests - POST Response: {"id":"ff8081819782e69e0198ae455e4f27d3","name":"Apple IPhone 13-RK","createdAt":"2025-08-15T15:07:18.480+00:00","data":{"year":2021,"price":899.99,"CPU model":"Google Tensor","Hard disk size":"128 GB"}}
[INFO ] 2025-08-15 20:37:15.331 [main] APITests - Device ID Passed with message: null
[DEBUG] 2025-08-15 20:39:58.965 [main] TestNG - suiteXmlPath: "c:\Users\Reetanshu Kumar\Documents\GitHub\selenium-restassured-automation\src\main\resources\testng.xml"
[INFO ] 2025-08-15 20:40:06.220 [main] APITests - POST Response: {"id":"ff8081819782e69e0198ae48078727d6","name":"Apple IPhone 13-RK","createdAt":"2025-08-15T15:10:12.871+00:00","data":{"year":2021,"price":899.99,"CPU model":"Google Tensor","Hard disk size":"128 GB"}}
[DEBUG] 2025-08-15 20:41:42.695 [main] TestNG - suiteXmlPath: "c:\Users\Reetanshu Kumar\Documents\GitHub\selenium-restassured-automation\src\main\resources\testng.xml"
[INFO ] 2025-08-15 20:41:49.354 [main] APITests - POST Response: {"id":"ff8081819782e69e0198ae4999e427dc","name":"Apple IPhone 13-RK","createdAt":"2025-08-15T15:11:55.876+00:00","data":{"year":2021,"price":899.99,"CPU model":"Google Tensor","Hard disk size":"128 GB"}}
[DEBUG] 2025-08-15 20:42:28.363 [main] TestNG - suiteXmlPath: "c:\Users\Reetanshu Kumar\Documents\GitHub\selenium-restassured-automation\src\main\resources\testng.xml"
[INFO ] 2025-08-15 20:42:35.119 [main] APITests - POST Response: {"id":"ff8081819782e69e0198ae4a4d1e27df","name":"Apple IPhone 13-RK","createdAt":"2025-08-15T15:12:41.758+00:00","data":{"year":2021,"price":899.99,"CPU model":"Google Tensor","Hard disk size":"128 GB"}}
[INFO ] 2025-08-15 20:42:37.220 [main] APITests - Device ID Passed with message: ff8081819782e69e0198ae4a4d1e27df
[DEBUG] 2025-08-15 22:57:26.681 [main] TestNG - suiteXmlPath: "c:\Users\Reetanshu Kumar\Documents\GitHub\selenium-restassured-automation\src\main\resources\testng.xml"
[DEBUG] 2025-08-15 22:59:15.198 [main] TestNG - suiteXmlPath: "c:\Users\Reetanshu Kumar\Documents\GitHub\selenium-restassured-automation\src\main\resources\testng.xml"
[DEBUG] 2025-08-15 23:00:12.526 [main] TestNG - suiteXmlPath: "c:\Users\Reetanshu Kumar\Documents\GitHub\selenium-restassured-automation\src\main\resources\testng.xml"
[DEBUG] 2025-08-15 23:02:18.247 [main] TestNG - suiteXmlPath: "c:\Users\Reetanshu Kumar\Documents\GitHub\selenium-restassured-automation\src\main\resources\testng.xml"
[DEBUG] 2025-08-15 23:04:17.274 [main] TestNG - suiteXmlPath: "c:\Users\Reetanshu Kumar\Documents\GitHub\selenium-restassured-automation\src\main\resources\testng.xml"
[DEBUG] 2025-08-15 23:05:23.510 [main] TestNG - suiteXmlPath: "c:\Users\Reetanshu Kumar\Documents\GitHub\selenium-restassured-automation\src\main\resources\testng.xml"
[INFO ] 2025-08-15 23:05:25.614 [main] APITests - POST Response: {"id":"ff8081819782e69e0198aecd12e628bb","name":"Apple IPhone 13-RK","createdAt":"2025-08-15T17:35:32.070+00:00","data":{"year":2021,"price":899.99,"CPU model":"Google Tensor","Hard disk size":"128 GB"}}
[INFO ] 2025-08-15 23:05:26.111 [main] APITests - Device ID Passed with message: ff8081819782e69e0198aecd12e628bb
[DEBUG] 2025-08-15 23:12:37.856 [main] TestNG - suiteXmlPath: "c:\Users\Reetanshu Kumar\Documents\GitHub\selenium-restassured-automation\src\main\resources\testng.xml"
[INFO ] 2025-08-15 23:12:39.790 [main] APITests - POST Response: {"id":"ff8081819782e69e0198aed3b40128d3","name":"Apple IPhone 13-RK","createdAt":"2025-08-15T17:42:46.529+00:00","data":{"year":2021,"price":899.99,"CPU model":"Google Tensor","Hard disk size":"128 GB"}}
[INFO ] 2025-08-15 23:12:40.275 [main] APITests - Device ID Passed with message: ff8081819782e69e0198aed3b40128d3
[DEBUG] 2025-08-15 23:16:29.472 [main] TestNG - suiteXmlPath: "c:\Users\Reetanshu Kumar\Documents\GitHub\selenium-restassured-automation\src\main\resources\testng.xml"
[INFO ] 2025-08-15 23:16:31.112 [main] APITests - POST Response: {"id":"ff8081819782e69e0198aed73b6328dc","name":"Apple IPhone 13-RK","createdAt":"2025-08-15T17:46:37.795+00:00","data":{"year":2021,"price":899.99,"CPU model":"Google Tensor","Hard disk size":"128 GB"}}
[INFO ] 2025-08-15 23:16:31.652 [main] APITests - Device ID Passed with message: ff8081819782e69e0198aed73b6328dc
[DEBUG] 2025-08-15 23:46:57.674 [main] TestNG - suiteXmlPath: "c:\Users\Reetanshu Kumar\Documents\GitHub\selenium-restassured-automation\src\main\resources\testng.xml"
[INFO ] 2025-08-15 23:46:59.567 [main] APITests - POST Response to phone creation : {"id":"ff8081819782e69e0198aef321f6297c","name":"Apple IPhone 13-RK","createdAt":"2025-08-15T18:17:06.295+00:00","data":{"year":2021,"price":899.99,"CPU model":"Google Tensor","Hard disk size":"128 GB"}}
[INFO ] 2025-08-15 23:47:00.086 [main] APITests - Device ID: ff8081819782e69e0198aef321f6297c
[INFO ] 2025-08-15 23:47:00.470 [main] APITests - GET API Test Passed with phone name: Apple IPhone 13-RK
[INFO ] 2025-08-15 23:47:01.176 [main] APITests - PUT Response to phone update: {"timestamp":"2025-08-15T18:17:07.979+00:00","status":405,"error":"Method Not Allowed","path":"/objects"}
[INFO ] 2025-08-15 23:47:01.482 [main] APITests - DELETE Response: {"timestamp":"2025-08-15T18:17:08.213+00:00","status":405,"error":"Method Not Allowed","path":"/objects"}
[DEBUG] 2025-08-15 23:48:34.959 [main] TestNG - suiteXmlPath: "c:\Users\Reetanshu Kumar\Documents\GitHub\selenium-restassured-automation\src\main\resources\testng.xml"
[INFO ] 2025-08-15 23:48:37.047 [main] APITests - POST Response to phone creation : {"id":"ff8081819782e69e0198aef49dda2984","name":"Apple IPhone 13-RK","createdAt":"2025-08-15T18:18:43.546+00:00","data":{"year":2021,"price":899.99,"CPU model":"Google Tensor","Hard disk size":"128 GB"}}
[INFO ] 2025-08-15 23:48:37.470 [main] APITests - Device ID: ff8081819782e69e0198aef49dda2984
[INFO ] 2025-08-15 23:48:37.848 [main] APITests - GET API Test Passed with phone name: Apple IPhone 13-RK
[INFO ] 2025-08-15 23:48:38.552 [main] APITests - PUT Response to phone update: {"timestamp":"2025-08-15T18:18:45.286+00:00","status":405,"error":"Method Not Allowed","path":"/objects"}
[INFO ] 2025-08-15 23:48:38.865 [main] APITests - DELETE Response: {"timestamp":"2025-08-15T18:18:45.628+00:00","status":405,"error":"Method Not Allowed","path":"/objects"}
[DEBUG] 2025-08-15 23:52:13.672 [main] TestNG - suiteXmlPath: "c:\Users\Reetanshu Kumar\Documents\GitHub\selenium-restassured-automation\src\main\resources\testng.xml"
[INFO ] 2025-08-15 23:52:15.773 [main] APITests - POST Response to phone creation : {"id":"ff8081819782e69e0198aef7f4f5299b","name":"Apple IPhone 13-RK","createdAt":"2025-08-15T18:22:22.454+00:00","data":{"year":2021,"price":899.99,"CPU model":"Google Tensor","Hard disk size":"128 GB"}}
[INFO ] 2025-08-15 23:52:16.233 [main] APITests - Device ID: ff8081819782e69e0198aef7f4f5299b
[INFO ] 2025-08-15 23:52:16.789 [main] APITests - GET API Test Passed with phone name: Apple IPhone 13-RK
[INFO ] 2025-08-15 23:52:17.655 [main] APITests - PUT Response to phone update: {"timestamp":"2025-08-15T18:22:24.465+00:00","status":405,"error":"Method Not Allowed","path":"/objects"}
[DEBUG] 2025-08-15 23:54:57.450 [main] TestNG - suiteXmlPath: "c:\Users\Reetanshu Kumar\Documents\GitHub\selenium-restassured-automation\src\main\resources\testng.xml"
[INFO ] 2025-08-15 23:54:59.212 [main] APITests - POST Response to phone creation : {"id":"ff8081819782e69e0198aefa73a229af","name":"Apple IPhone 13-RK","createdAt":"2025-08-15T18:25:05.954+00:00","data":{"year":2021,"price":899.99,"CPU model":"Google Tensor","Hard disk size":"128 GB"}}
[INFO ] 2025-08-15 23:54:59.659 [main] APITests - Device ID: ff8081819782e69e0198aefa73a229af
[INFO ] 2025-08-15 23:55:00.014 [main] APITests - GET API Test Passed with phone name: Apple IPhone 13-RK
[DEBUG] 2025-08-15 23:56:26.940 [main] TestNG - suiteXmlPath: "c:\Users\Reetanshu Kumar\Documents\GitHub\selenium-restassured-automation\src\main\resources\testng.xml"
[INFO ] 2025-08-15 23:56:28.705 [main] APITests - POST Response to phone creation : {"id":"ff8081819782e69e0198aefbd15e29b6","name":"Apple IPhone 13-RK","createdAt":"2025-08-15T18:26:35.486+00:00","data":{"year":2021,"price":899.99,"CPU model":"Google Tensor","Hard disk size":"128 GB"}}
[INFO ] 2025-08-15 23:56:29.147 [main] APITests - Device ID: ff8081819782e69e0198aefbd15e29b6
[INFO ] 2025-08-15 23:56:29.615 [main] APITests - GET API Test Passed with phone name: Apple IPhone 13-RK
[DEBUG] 2025-08-15 23:57:33.231 [main] TestNG - suiteXmlPath: "c:\Users\Reetanshu Kumar\Documents\GitHub\selenium-restassured-automation\src\main\resources\testng.xml"
[INFO ] 2025-08-15 23:57:35.360 [main] APITests - POST Response to phone creation : {"id":"ff8081819782e69e0198aefcd50929b7","name":"Apple IPhone 13-RK","createdAt":"2025-08-15T18:27:41.961+00:00","data":{"year":2021,"price":899.99,"CPU model":"Google Tensor","Hard disk size":"128 GB"}}
[INFO ] 2025-08-15 23:57:35.845 [main] APITests - Device ID: ff8081819782e69e0198aefcd50929b7
[INFO ] 2025-08-15 23:57:36.243 [main] APITests - GET API Test Passed with phone name: Apple IPhone 13-RK
[DEBUG] 2025-08-16 00:00:13.140 [main] TestNG - suiteXmlPath: "c:\Users\Reetanshu Kumar\Documents\GitHub\selenium-restassured-automation\src\main\resources\testng.xml"
[INFO ] 2025-08-16 00:00:15.111 [main] APITests - POST Response to phone creation : {"id":"ff8081819782e69e0198aeff456629bb","name":"Apple IPhone 13-RK","createdAt":"2025-08-15T18:30:21.798+00:00","data":{"year":2021,"price":899.99,"CPU model":"Google Tensor","Hard disk size":"128 GB"}}
[INFO ] 2025-08-16 00:00:15.565 [main] APITests - Device ID: ff8081819782e69e0198aeff456629bb
[INFO ] 2025-08-16 00:00:16.035 [main] APITests - GET API Test Passed with phone name: Apple IPhone 13-RK
[DEBUG] 2025-08-16 00:02:03.033 [main] TestNG - suiteXmlPath: "c:\Users\Reetanshu Kumar\Documents\GitHub\selenium-restassured-automation\src\main\resources\testng.xml"
[INFO ] 2025-08-16 00:02:04.873 [main] APITests - POST Response to phone creation : {"id":"ff8081819782e69e0198af00f28b29c4","name":"Apple IPhone 13-RK","createdAt":"2025-08-15T18:32:11.659+00:00","data":{"year":2021,"price":899.99,"CPU model":"Google Tensor","Hard disk size":"128 GB"}}
[INFO ] 2025-08-16 00:02:05.373 [main] APITests - Device ID: ff8081819782e69e0198af00f28b29c4
[INFO ] 2025-08-16 00:02:05.883 [main] APITests - GET API Test Passed with phone name: Apple IPhone 13-RK
[DEBUG] 2025-08-16 12:03:57.471 [main] TestNG - suiteXmlPath: "c:\Users\Reetanshu Kumar\Documents\GitHub\selenium-restassured-automation\src\main\resources\testng.xml"
[INFO ] 2025-08-16 12:04:00.129 [main] APITests - POST Response to phone creation : {"id":"ff8081819782e69e0198b195c7c72e99","name":"Apple IPhone 13-RK","createdAt":"2025-08-16T06:34:00.007+00:00","data":{"year":2021,"price":899.99,"CPU model":"Google Tensor","Hard disk size":"128 GB"}}
[INFO ] 2025-08-16 12:04:00.954 [main] APITests - Device ID: ff8081819782e69e0198b195c7c72e99
[INFO ] 2025-08-16 12:04:01.261 [main] APITests - GET API Test Passed with phone name: Apple IPhone 13-RK
[INFO ] 2025-08-16 12:04:01.839 [main] APITests - Phone ID for 'Google Pixel 6 Pro': 1
[INFO ] 2025-08-16 12:04:01.842 [main] APITests - Number of phones: 13
[INFO ] 2025-08-16 12:04:02.077 [main] APITests - PUT Response to phone update: {"timestamp":"2025-08-16T06:34:02.073+00:00","status":405,"error":"Method Not Allowed","path":"/objects"}
[DEBUG] 2025-08-16 12:06:13.560 [main] TestNG - suiteXmlPath: "c:\Users\Reetanshu Kumar\Documents\GitHub\selenium-restassured-automation\src\main\resources\testng.xml"
[INFO ] 2025-08-16 12:06:16.018 [main] APITests - POST Response to phone creation : {"id":"ff8081819782e69e0198b197da672ea0","name":"Apple IPhone 13-RK","createdAt":"2025-08-16T06:36:15.847+00:00","data":{"year":2021,"price":899.99,"CPU model":"Google Tensor","Hard disk size":"128 GB"}}
[INFO ] 2025-08-16 12:06:16.664 [main] APITests - Device ID: ff8081819782e69e0198b197da672ea0
[INFO ] 2025-08-16 12:06:17.193 [main] APITests - GET API Test Passed with phone name: Apple IPhone 13-RK
[INFO ] 2025-08-16 12:06:17.507 [main] APITests - PUT Response to phone update: {"id":"ff8081819782e69e0198b197da672ea0","name":"Apple IPhone 13-RK","updatedAt":"2025-08-16T06:36:17.398+00:00","data":{"year":2021,"price":899.99,"CPU model":"Google Tensor","Hard disk size":"128 GB"}}
[DEBUG] 2025-08-16 12:07:34.193 [main] TestNG - suiteXmlPath: "c:\Users\Reetanshu Kumar\Documents\GitHub\selenium-restassured-automation\src\main\resources\testng.xml"
[INFO ] 2025-08-16 12:07:36.696 [main] APITests - POST Response to phone creation : {"id":"ff8081819782e69e0198b19915ec2ea3","name":"Apple IPhone 13-RK","createdAt":"2025-08-16T06:37:36.620+00:00","data":{"year":2021,"price":899.99,"CPU model":"Google Tensor","Hard disk size":"128 GB"}}
[INFO ] 2025-08-16 12:07:37.340 [main] APITests - Device ID: ff8081819782e69e0198b19915ec2ea3
[INFO ] 2025-08-16 12:07:37.703 [main] APITests - GET API Test Passed with phone name: Apple IPhone 13-RK
[INFO ] 2025-08-16 12:07:38.096 [main] APITests - PUT Response to phone update: {"id":"ff8081819782e69e0198b19915ec2ea3","name":"Apple IPhone 13-RK","updatedAt":"2025-08-16T06:37:37.999+00:00","data":{"year":2021,"price":899.99,"CPU model":"Google Tensor","Hard disk size":"128 GB"}}
[DEBUG] 2025-08-16 12:08:12.189 [main] TestNG - suiteXmlPath: "c:\Users\Reetanshu Kumar\Documents\GitHub\selenium-restassured-automation\src\main\resources\testng.xml"
[INFO ] 2025-08-16 12:08:15.003 [main] APITests - POST Response to phone creation : {"id":"ff8081819782e69e0198b199ab4f2ea6","name":"Apple IPhone 13-RK","createdAt":"2025-08-16T06:38:14.864+00:00","data":{"year":2021,"price":899.99,"CPU model":"Google Tensor","Hard disk size":"128 GB"}}
[INFO ] 2025-08-16 12:08:15.594 [main] APITests - Device ID: ff8081819782e69e0198b199ab4f2ea6
[INFO ] 2025-08-16 12:08:16.004 [main] APITests - GET API Test Passed with phone name: Apple IPhone 13-RK
[INFO ] 2025-08-16 12:08:16.293 [main] APITests - PUT Response to phone update: {"id":"ff8081819782e69e0198b199ab4f2ea6","name":"Apple IPhone 13-RK","updatedAt":"2025-08-16T06:38:16.225+00:00","data":{"year":2021,"price":899.99,"CPU model":"Google Tensor","Hard disk size":"128 GB"}}
[DEBUG] 2025-08-16 12:08:55.960 [main] TestNG - suiteXmlPath: "c:\Users\Reetanshu Kumar\Documents\GitHub\selenium-restassured-automation\src\main\resources\testng.xml"
[INFO ] 2025-08-16 12:08:58.535 [main] APITests - POST Response to phone creation : {"id":"ff8081819782e69e0198b19a558d2ea9","name":"Apple IPhone 13-RK","createdAt":"2025-08-16T06:38:58.445+00:00","data":{"year":2021,"price":899.99,"CPU model":"Google Tensor","Hard disk size":"128 GB"}}
[INFO ] 2025-08-16 12:08:59.157 [main] APITests - Device ID: ff8081819782e69e0198b19a558d2ea9
[INFO ] 2025-08-16 12:08:59.532 [main] APITests - GET API Test Passed with phone name: Apple IPhone 13-RK
[INFO ] 2025-08-16 12:08:59.810 [main] APITests - PUT Response to phone update: {"id":"ff8081819782e69e0198b19a558d2ea9","name":"Apple IPhone 13-RK","updatedAt":"2025-08-16T06:38:59.726+00:00","data":{"year":2021,"price":899.99,"CPU model":"Google Tensor","Hard disk size":"128 GB"}}
[DEBUG] 2025-08-16 12:12:03.523 [main] TestNG - suiteXmlPath: "c:\Users\Reetanshu Kumar\Documents\GitHub\selenium-restassured-automation\src\main\resources\testng.xml"
[INFO ] 2025-08-16 12:12:05.913 [main] APITests - POST Response to phone creation : {"id":"ff8081819782e69e0198b19d31392eae","name":"Apple IPhone 13-RK","createdAt":"2025-08-16T06:42:05.753+00:00","data":{"year":2021,"price":899.99,"CPU model":"Google Tensor","Hard disk size":"128 GB"}}
[INFO ] 2025-08-16 12:12:06.600 [main] APITests - Device ID: ff8081819782e69e0198b19d31392eae
[INFO ] 2025-08-16 12:12:06.940 [main] APITests - GET API Test Passed with phone name: Apple IPhone 13-RK
[INFO ] 2025-08-16 12:12:07.308 [main] APITests - PUT Response to phone update: {"id":"ff8081819782e69e0198b19d31392eae","name":"Apple IPhone 13-RK","updatedAt":"2025-08-16T06:42:07.227+00:00","data":{"year":2021,"price":899.99,"CPU model":"Google Tensor","Hard disk size":"128 GB"}}
[DEBUG] 2025-08-16 12:19:15.357 [main] TestNG - suiteXmlPath: "c:\Users\Reetanshu Kumar\Documents\GitHub\selenium-restassured-automation\src\main\resources\testng.xml"
[DEBUG] 2025-08-16 12:20:59.353 [main] TestNG - suiteXmlPath: "c:\Users\Reetanshu Kumar\Documents\GitHub\selenium-restassured-automation\src\main\resources\testng.xml"
[INFO ] 2025-08-16 12:21:01.986 [main] APITests - POST Response to phone creation : {"id":"ff8081819782e69e0198b1a55f562ebb","name":"Apple IPhone 13-RK","createdAt":"2025-08-16T06:51:01.846+00:00","data":{"year":2021,"price":899.99,"CPU model":"Google Tensor","Hard disk size":"128 GB"}}
[INFO ] 2025-08-16 12:21:02.714 [main] APITests - Device ID: ff8081819782e69e0198b1a55f562ebb
[INFO ] 2025-08-16 12:21:03.014 [main] APITests - GET API Test Passed with phone name: Apple IPhone 13-RK
[DEBUG] 2025-08-16 12:23:42.508 [main] TestNG - suiteXmlPath: "c:\Users\Reetanshu Kumar\Documents\GitHub\selenium-restassured-automation\src\main\resources\testng.xml"
[INFO ] 2025-08-16 12:23:44.778 [main] APITests - POST Response to phone creation : {"id":"ff8081819782e69e0198b1a7db852ebc","name":"Apple IPhone 13-RK","createdAt":"2025-08-16T06:53:44.709+00:00","data":{"year":2021,"price":899.99,"CPU model":"Google Tensor","Hard disk size":"128 GB"}}
[INFO ] 2025-08-16 12:23:45.400 [main] APITests - Device ID: ff8081819782e69e0198b1a7db852ebc
[INFO ] 2025-08-16 12:23:45.677 [main] APITests - GET API Test Passed with phone name: Apple IPhone 13-RK
[INFO ] 2025-08-16 12:23:45.902 [main] APITests - PUT Response to phone update: {"id":"ff8081819782e69e0198b1a7db852ebc","name":"Apple IPhone 13-RK","updatedAt":"2025-08-16T06:53:45.881+00:00","data":{"year":2021,"price":799.99,"CPU model":"Google Tensor","Hard disk size":"128 GB"}}
[INFO ] 2025-08-16 12:23:45.946 [main] APITests - PUT API Test Passed with phone price: 799.99
[DEBUG] 2025-08-16 12:26:21.084 [main] TestNG - suiteXmlPath: "c:\Users\Reetanshu Kumar\Documents\GitHub\selenium-restassured-automation\src\main\resources\testng.xml"
[INFO ] 2025-08-16 12:26:23.573 [main] APITests - POST Response to phone creation : {"id":"ff8081819782e69e0198b1aa47bc2ec3","name":"Apple IPhone 13-RK","createdAt":"2025-08-16T06:56:23.484+00:00","data":{"year":2021,"price":899.99,"CPU model":"Google Tensor","Hard disk size":"128 GB"}}
[INFO ] 2025-08-16 12:26:24.675 [main] APITests - PUT Response to phone update: {"error":"The Object with id = null doesn't exist. Please provide an object id which exists or generate a new Object using POST request and capture the id of it to use it as part of PUT request after that."}
[DEBUG] 2025-08-16 12:27:02.114 [main] TestNG - suiteXmlPath: "c:\Users\Reetanshu Kumar\Documents\GitHub\selenium-restassured-automation\src\main\resources\testng.xml"
[INFO ] 2025-08-16 12:27:04.260 [main] APITests - POST Response to phone creation : {"id":"ff8081819782e69e0198b1aae6a52ec4","name":"Apple IPhone 13-RK","createdAt":"2025-08-16T06:57:04.165+00:00","data":{"year":2021,"price":899.99,"CPU model":"Google Tensor","Hard disk size":"128 GB"}}
[INFO ] 2025-08-16 12:27:05.132 [main] APITests - Device ID: ff8081819782e69e0198b1aae6a52ec4
[INFO ] 2025-08-16 12:27:05.596 [main] APITests - GET API Test Passed with phone name: Apple IPhone 13-RK
[INFO ] 2025-08-16 12:27:05.971 [main] APITests - PUT Response to phone update: {"id":"ff8081819782e69e0198b1aae6a52ec4","name":"Apple IPhone 13-RK","updatedAt":"2025-08-16T06:57:05.845+00:00","data":{"year":2021,"price":799.99,"CPU model":"Google Tensor","Hard disk size":"128 GB"}}
[INFO ] 2025-08-16 12:27:06.005 [main] APITests - PUT API Test Passed with phone price: 799.99
[DEBUG] 2025-08-16 12:32:09.166 [main] TestNG - suiteXmlPath: "c:\Users\Reetanshu Kumar\Documents\GitHub\selenium-restassured-automation\src\main\resources\testng.xml"
[INFO ] 2025-08-16 12:32:11.482 [main] APITests - POST Response to phone creation : {"id":"ff8081819782e69e0198b1af96742ecb","name":"Apple IPhone 13-RK","createdAt":"2025-08-16T07:02:11.316+00:00","data":{"year":2021,"price":899.99,"CPU model":"Google Tensor","Hard disk size":"128 GB"}}
[INFO ] 2025-08-16 12:32:12.108 [main] APITests - Device ID: ff8081819782e69e0198b1af96742ecb
[INFO ] 2025-08-16 12:32:12.586 [main] APITests - GET API Test Passed with phone name: Apple IPhone 13-RK
[INFO ] 2025-08-16 12:32:12.860 [main] APITests - PUT Response to phone update: {"id":"ff8081819782e69e0198b1af96742ecb","name":"Apple IPhone 13-RK","updatedAt":"2025-08-16T07:02:12.792+00:00","data":{"year":2021,"price":799.99,"CPU model":"Google Tensor","Hard disk size":"128 GB"}}
[INFO ] 2025-08-16 12:32:12.888 [main] APITests - PUT API Test Passed with phone price: 799.99
[DEBUG] 2025-08-16 12:46:23.762 [main] TestNG - suiteXmlPath: "c:\Users\Reetanshu Kumar\Documents\GitHub\selenium-restassured-automation\src\main\resources\testng.xml"
[INFO ] 2025-08-16 12:46:26.409 [main] APITests - POST Response to phone creation : {"id":"ff8081819782e69e0198b1bca24f2edb","name":"Apple IPhone 13-RK","createdAt":"2025-08-16T07:16:26.319+00:00","data":{"year":2021,"price":899.99,"CPU model":"Google Tensor","Hard disk size":"128 GB"}}
[INFO ] 2025-08-16 12:46:27.109 [main] APITests - Device ID: ff8081819782e69e0198b1bca24f2edb
[INFO ] 2025-08-16 12:46:27.520 [main] APITests - GET API Test Passed with phone name: Apple IPhone 13-RK
[INFO ] 2025-08-16 12:46:27.901 [main] APITests - PUT Response to phone update: {"id":"ff8081819782e69e0198b1bca24f2edb","name":"Apple IPhone 13-RK","updatedAt":"2025-08-16T07:16:27.823+00:00","data":{"year":2021,"price":799.99,"CPU model":"Google Tensor","Hard disk size":"128 GB"}}
[INFO ] 2025-08-16 12:46:27.948 [main] APITests - PUT API Test Passed with phone price: 799.99
[DEBUG] 2025-08-16 12:47:32.500 [main] TestNG - suiteXmlPath: "c:\Users\Reetanshu Kumar\Documents\GitHub\selenium-restassured-automation\src\main\resources\testng.xml"
[INFO ] 2025-08-16 12:47:35.071 [main] APITests - POST Response to phone creation : {"id":"ff8081819782e69e0198b1bdae982edd","name":"Apple IPhone 13-RK","createdAt":"2025-08-16T07:17:35.000+00:00","data":{"year":2021,"price":899.99,"CPU model":"Google Tensor","Hard disk size":"128 GB"}}
[INFO ] 2025-08-16 12:47:35.840 [main] APITests - Device ID: ff8081819782e69e0198b1bdae982edd
[INFO ] 2025-08-16 12:47:36.273 [main] APITests - GET API Test Passed with phone name: Apple IPhone 13-RK
[INFO ] 2025-08-16 12:47:36.545 [main] APITests - PUT Response to phone update: {"id":"ff8081819782e69e0198b1bdae982edd","name":"Apple IPhone 13-RK","updatedAt":"2025-08-16T07:17:36.495+00:00","data":{"year":2021,"price":799.99,"CPU model":"Google Tensor","Hard disk size":"128 GB"}}
[INFO ] 2025-08-16 12:47:36.599 [main] APITests - PUT API Test Passed with phone price: 799.99
[INFO ] 2025-08-16 12:47:36.916 [main] APITests - DELETE Response: {"message":"Object with id = ff8081819782e69e0198b1bdae982edd has been deleted."}
[INFO ] 2025-08-16 12:47:37.227 [main] APITests - DELETE API Test Passed, phone deleted successfully
[DEBUG] 2025-08-16 12:53:08.068 [main] TestNG - suiteXmlPath: "c:\Users\Reetanshu Kumar\Documents\GitHub\selenium-restassured-automation\src\main\resources\testng.xml"
[INFO ] 2025-08-16 12:53:12.321 [main] Login - login successfull
[INFO ] 2025-08-16 12:53:12.580 [main] Login - Page title: Swag Labs
[INFO ] 2025-08-16 12:53:12.660 [main] Login - Login test passed with product count as: 6
[INFO ] 2025-08-16 12:53:12.793 [main] Login - Browser closed successfully
[INFO ] 2025-08-16 12:53:15.023 [main] APITests - POST Response to phone creation : {"id":"ff8081819782e69e0198b1c2ddef2ee4","name":"Apple IPhone 13-RK","createdAt":"2025-08-16T07:23:14.800+00:00","data":{"year":2021,"price":899.99,"CPU model":"Google Tensor","Hard disk size":"128 GB"}}
[INFO ] 2025-08-16 12:53:15.831 [main] APITests - Device ID: ff8081819782e69e0198b1c2ddef2ee4
[INFO ] 2025-08-16 12:53:16.155 [main] APITests - GET API Test Passed with phone name: Apple IPhone 13-RK
[INFO ] 2025-08-16 12:53:16.466 [main] APITests - PUT Response to phone update: {"id":"ff8081819782e69e0198b1c2ddef2ee4","name":"Apple IPhone 13-RK","updatedAt":"2025-08-16T07:23:16.388+00:00","data":{"year":2021,"price":799.99,"CPU model":"Google Tensor","Hard disk size":"128 GB"}}
[INFO ] 2025-08-16 12:53:16.506 [main] APITests - PUT API Test Passed with phone price: 799.99
[INFO ] 2025-08-16 12:53:16.780 [main] APITests - DELETE Response: {"message":"Object with id = ff8081819782e69e0198b1c2ddef2ee4 has been deleted."}
[INFO ] 2025-08-16 12:53:17.094 [main] APITests - DELETE API Test Passed, phone deleted successfully
[DEBUG] 2025-08-24 23:23:14.719 [main] TestNG - suiteXmlPath: "C:\Users\Reetanshu Kumar\Documents\GitHub\selenium-restassured-automation\src\main\resources\testng.xml"
[INFO ] 2025-08-24 23:23:22.156 [main] Login - login successfull
[INFO ] 2025-08-24 23:23:22.219 [main] Login - Page title: Swag Labs
[INFO ] 2025-08-24 23:23:22.248 [main] Login - Login test passed with product count as: 6
[INFO ] 2025-08-24 23:23:22.377 [main] Login - Browser closed successfully
[INFO ] 2025-08-24 23:23:24.052 [main] APITests - POST Response to phone creation : {"id":"ff8081819782e69e0198dd36aca21f1c","name":"Apple IPhone 13-RK","createdAt":"2025-08-24T17:53:24.642+00:00","data":{"year":2021,"price":899.99,"CPU model":"Google Tensor","Hard disk size":"128 GB"}}
[INFO ] 2025-08-24 23:23:24.550 [main] APITests - Device ID: ff8081819782e69e0198dd36aca21f1c
[INFO ] 2025-08-24 23:23:24.844 [main] APITests - GET API Test Passed with phone name: Apple IPhone 13-RK
[INFO ] 2025-08-24 23:23:25.100 [main] APITests - PUT Response to phone update: {"id":"ff8081819782e69e0198dd36aca21f1c","name":"Apple IPhone 13-RK","updatedAt":"2025-08-24T17:53:25.739+00:00","data":{"year":2021,"price":799.99,"CPU model":"Google Tensor","Hard disk size":"128 GB"}}
[INFO ] 2025-08-24 23:23:25.116 [main] APITests - PUT API Test Passed with phone price: 799.99
[INFO ] 2025-08-24 23:23:25.298 [main] APITests - DELETE Response: {"message":"Object with id = ff8081819782e69e0198dd36aca21f1c has been deleted."}
[INFO ] 2025-08-24 23:23:25.565 [main] APITests - DELETE API Test Passed, phone deleted successfully
[DEBUG] 2025-10-09 21:46:20.494 [main] TestNG - suiteXmlPath: "C:\Users\Reetanshu Kumar\Documents\GitHub\selenium-restassured-automation\src\main\resources\testng.xml"
[INFO ] 2025-10-09 21:46:25.095 [main] Login - login successfull
[INFO ] 2025-10-09 21:46:25.267 [main] Login - Page title: Swag Labs
[INFO ] 2025-10-09 21:46:25.312 [main] Login - Login test passed with product count as: 6
[INFO ] 2025-10-09 21:46:25.511 [main] Login - Browser closed successfully
[INFO ] 2025-10-09 21:46:27.313 [main] APITests - POST Response to phone creation : {"id":"ff8081819782e69e0199c9c293ff06e5","name":"Apple IPhone 13-RK","createdAt":"2025-10-09T16:16:36.351+00:00","data":{"year":2021,"price":899.99,"CPU model":"Google Tensor","Hard disk size":"128 GB"}}
[INFO ] 2025-10-09 21:46:28.065 [main] APITests - Device ID: ff8081819782e69e0199c9c293ff06e5
[INFO ] 2025-10-09 21:46:28.421 [main] APITests - GET API Test Passed with phone name: Apple IPhone 13-RK
[INFO ] 2025-10-09 21:46:28.698 [main] APITests - PUT Response to phone update: {"id":"ff8081819782e69e0199c9c293ff06e5","name":"Apple IPhone 13-RK","updatedAt":"2025-10-09T16:16:37.864+00:00","data":{"year":2021,"price":799.99,"CPU model":"Google Tensor","Hard disk size":"128 GB"}}
[INFO ] 2025-10-09 21:46:28.733 [main] APITests - PUT API Test Passed with phone price: 799.99
[INFO ] 2025-10-09 21:46:29.005 [main] APITests - DELETE Response: {"message":"Object with id = ff8081819782e69e0199c9c293ff06e5 has been deleted."}
[INFO ] 2025-10-09 21:46:29.313 [main] APITests - DELETE API Test Passed, phone deleted successfully
[DEBUG] 2025-10-09 22:07:07.958 [main] TestNG - suiteXmlPath: "C:\Users\Reetanshu Kumar\Documents\GitHub\selenium-restassured-automation\src\main\resources\testng.xml"
[DEBUG] 2025-10-09 22:13:42.995 [main] TestNG - suiteXmlPath: "C:\Users\Reetanshu Kumar\Documents\GitHub\selenium-restassured-automation\src\main\resources\testng.xml"
[DEBUG] 2025-10-09 22:18:11.544 [main] TestNG - suiteXmlPath: "C:\Users\Reetanshu Kumar\Documents\GitHub\selenium-restassured-automation\src\main\resources\testng.xml"
[ERROR] 2025-10-09 22:18:11.847 [main] BaseFactory - Test Execution Strategy has not been setup in property file
[INFO ] 2025-10-09 22:18:15.011 [main] Login - login successfull
[INFO ] 2025-10-09 22:18:15.271 [main] Login - Page title: Swag Labs
[INFO ] 2025-10-09 22:18:15.326 [main] Login - Login test passed with product count as: 6
[INFO ] 2025-10-09 22:18:15.591 [main] Login - Browser closed successfully
[INFO ] 2025-10-09 22:18:17.955 [main] APITests - POST Response to phone creation : {"id":"ff8081819782e69e0199c9dfbbbc073b","name":"Apple IPhone 13-RK","createdAt":"2025-10-09T16:48:27.068+00:00","data":{"year":2021,"price":899.99,"CPU model":"Google Tensor","Hard disk size":"128 GB"}}
[INFO ] 2025-10-09 22:18:18.652 [main] APITests - Device ID: ff8081819782e69e0199c9dfbbbc073b
[INFO ] 2025-10-09 22:18:18.929 [main] APITests - GET API Test Passed with phone name: Apple IPhone 13-RK
[INFO ] 2025-10-09 22:18:19.136 [main] APITests - PUT Response to phone update: {"id":"ff8081819782e69e0199c9dfbbbc073b","name":"Apple IPhone 13-RK","updatedAt":"2025-10-09T16:48:28.342+00:00","data":{"year":2021,"price":799.99,"CPU model":"Google Tensor","Hard disk size":"128 GB"}}
[INFO ] 2025-10-09 22:18:19.181 [main] APITests - PUT API Test Passed with phone price: 799.99
[INFO ] 2025-10-09 22:18:19.449 [main] APITests - DELETE Response: {"message":"Object with id = ff8081819782e69e0199c9dfbbbc073b has been deleted."}
[INFO ] 2025-10-09 22:18:19.665 [main] APITests - DELETE API Test Passed, phone deleted successfully
[DEBUG] 2025-10-09 22:19:45.715 [main] TestNG - suiteXmlPath: "C:\Users\Reetanshu Kumar\Documents\GitHub\selenium-restassured-automation\src\main\resources\testng.xml"
[ERROR] 2025-10-09 22:19:46.084 [main] BaseFactory - Test Execution Strategy has not been setup in property file
[INFO ] 2025-10-09 22:19:48.237 [main] Login - login successfull
[INFO ] 2025-10-09 22:19:48.466 [main] Login - Page title: Swag Labs
[INFO ] 2025-10-09 22:19:48.518 [main] Login - Login test passed with product count as: 6
[INFO ] 2025-10-09 22:19:48.862 [main] Login - Browser closed successfully
[INFO ] 2025-10-09 22:19:50.462 [main] APITests - POST Response to phone creation : {"id":"ff8081819782e69e0199c9e1252b073f","name":"Apple IPhone 13-RK","createdAt":"2025-10-09T16:49:59.595+00:00","data":{"year":2021,"price":899.99,"CPU model":"Google Tensor","Hard disk size":"128 GB"}}
[INFO ] 2025-10-09 22:19:51.104 [main] APITests - Device ID: ff8081819782e69e0199c9e1252b073f
[INFO ] 2025-10-09 22:19:51.471 [main] APITests - GET API Test Passed with phone name: Apple IPhone 13-RK
[INFO ] 2025-10-09 22:19:51.748 [main] APITests - PUT Response to phone update: {"id":"ff8081819782e69e0199c9e1252b073f","name":"Apple IPhone 13-RK","updatedAt":"2025-10-09T16:50:00.917+00:00","data":{"year":2021,"price":799.99,"CPU model":"Google Tensor","Hard disk size":"128 GB"}}
[INFO ] 2025-10-09 22:19:51.789 [main] APITests - PUT API Test Passed with phone price: 799.99
[INFO ] 2025-10-09 22:19:52.058 [main] APITests - DELETE Response: {"message":"Object with id = ff8081819782e69e0199c9e1252b073f has been deleted."}
[INFO ] 2025-10-09 22:19:52.364 [main] APITests - DELETE API Test Passed, phone deleted successfully
[DEBUG] 2025-10-09 22:20:53.418 [main] TestNG - suiteXmlPath: "C:\Users\Reetanshu Kumar\Documents\GitHub\selenium-restassured-automation\src\main\resources\testng.xml"
[ERROR] 2025-10-09 22:20:53.729 [main] BaseFactory - Test Execution Strategy has not been setup in property file
[INFO ] 2025-10-09 22:20:56.113 [main] Login - login successfull
[INFO ] 2025-10-09 22:20:56.339 [main] Login - Page title: Swag Labs
[INFO ] 2025-10-09 22:20:56.421 [main] Login - Login test passed with product count as: 6
[INFO ] 2025-10-09 22:20:56.737 [main] Login - Browser closed successfully
[INFO ] 2025-10-09 22:20:58.671 [main] APITests - POST Response to phone creation : {"id":"ff8081819782e69e0199c9e22f1f0743","name":"Apple IPhone 13-RK","createdAt":"2025-10-09T16:51:07.679+00:00","data":{"year":2021,"price":899.99,"CPU model":"Google Tensor","Hard disk size":"128 GB"}}
[INFO ] 2025-10-09 22:20:59.250 [main] APITests - Device ID: ff8081819782e69e0199c9e22f1f0743
[INFO ] 2025-10-09 22:20:59.534 [main] APITests - GET API Test Passed with phone name: Apple IPhone 13-RK
[INFO ] 2025-10-09 22:20:59.951 [main] APITests - PUT Response to phone update: {"id":"ff8081819782e69e0199c9e22f1f0743","name":"Apple IPhone 13-RK","updatedAt":"2025-10-09T16:51:09.043+00:00","data":{"year":2021,"price":799.99,"CPU model":"Google Tensor","Hard disk size":"128 GB"}}
[INFO ] 2025-10-09 22:21:00.009 [main] APITests - PUT API Test Passed with phone price: 799.99
[INFO ] 2025-10-09 22:21:00.361 [main] APITests - DELETE Response: {"message":"Object with id = ff8081819782e69e0199c9e22f1f0743 has been deleted."}
[INFO ] 2025-10-09 22:21:00.666 [main] APITests - DELETE API Test Passed, phone deleted successfully
[DEBUG] 2025-10-09 22:22:18.149 [main] TestNG - suiteXmlPath: "C:\Users\Reetanshu Kumar\Documents\GitHub\selenium-restassured-automation\src\main\resources\testng.xml"
[ERROR] 2025-10-09 22:22:18.471 [main] BaseFactory - Test Execution Strategy has not been setup in property file
[INFO ] 2025-10-09 22:22:21.126 [main] Login - login successfull
[INFO ] 2025-10-09 22:22:21.379 [main] Login - Page title: Swag Labs
[INFO ] 2025-10-09 22:22:21.499 [main] Login - Login test passed with product count as: 6
[INFO ] 2025-10-09 22:22:21.824 [main] Login - Browser closed successfully
[INFO ] 2025-10-09 22:22:23.645 [main] APITests - POST Response to phone creation : {"id":"ff8081819782e69e0199c9e37b800746","name":"Apple IPhone 13-RK","createdAt":"2025-10-09T16:52:32.768+00:00","data":{"year":2021,"price":899.99,"CPU model":"Google Tensor","Hard disk size":"128 GB"}}
[INFO ] 2025-10-09 22:22:24.321 [main] APITests - Device ID: ff8081819782e69e0199c9e37b800746
[INFO ] 2025-10-09 22:22:24.656 [main] APITests - GET API Test Passed with phone name: Apple IPhone 13-RK
[INFO ] 2025-10-09 22:22:25.042 [main] APITests - PUT Response to phone update: {"id":"ff8081819782e69e0199c9e37b800746","name":"Apple IPhone 13-RK","updatedAt":"2025-10-09T16:52:34.084+00:00","data":{"year":2021,"price":799.99,"CPU model":"Google Tensor","Hard disk size":"128 GB"}}
[INFO ] 2025-10-09 22:22:25.088 [main] APITests - PUT API Test Passed with phone price: 799.99
[INFO ] 2025-10-09 22:22:25.350 [main] APITests - DELETE Response: {"message":"Object with id = ff8081819782e69e0199c9e37b800746 has been deleted."}
[INFO ] 2025-10-09 22:22:25.658 [main] APITests - DELETE API Test Passed, phone deleted successfully
[DEBUG] 2025-10-09 22:25:11.758 [main] TestNG - suiteXmlPath: "C:\Users\Reetanshu Kumar\Documents\GitHub\selenium-restassured-automation\src\main\resources\testng.xml"
[ERROR] 2025-10-09 22:25:12.076 [main] BaseFactory - Test Execution Strategy has not been setup in property file
[INFO ] 2025-10-09 22:25:14.404 [main] Login - login successfull
[INFO ] 2025-10-09 22:25:14.592 [main] Login - Page title: Swag Labs
[INFO ] 2025-10-09 22:25:14.636 [main] Login - Login test passed with product count as: 6
[INFO ] 2025-10-09 22:25:14.868 [main] Login - Browser closed successfully
[INFO ] 2025-10-09 22:25:16.839 [main] APITests - POST Response to phone creation : {"id":"ff8081819782e69e0199c9e61fc4074d","name":"Apple IPhone 13-RK","createdAt":"2025-10-09T16:55:25.892+00:00","data":{"year":2021,"price":899.99,"CPU model":"Google Tensor","Hard disk size":"128 GB"}}
[INFO ] 2025-10-09 22:25:17.488 [main] APITests - Device ID: ff8081819782e69e0199c9e61fc4074d
[INFO ] 2025-10-09 22:25:17.747 [main] APITests - GET API Test Passed with phone name: Apple IPhone 13-RK
[INFO ] 2025-10-09 22:25:17.995 [main] APITests - PUT Response to phone update: {"id":"ff8081819782e69e0199c9e61fc4074d","name":"Apple IPhone 13-RK","updatedAt":"2025-10-09T16:55:27.181+00:00","data":{"year":2021,"price":799.99,"CPU model":"Google Tensor","Hard disk size":"128 GB"}}
[INFO ] 2025-10-09 22:25:18.037 [main] APITests - PUT API Test Passed with phone price: 799.99
[INFO ] 2025-10-09 22:25:18.303 [main] APITests - DELETE Response: {"message":"Object with id = ff8081819782e69e0199c9e61fc4074d has been deleted."}
[INFO ] 2025-10-09 22:25:18.536 [main] APITests - DELETE API Test Passed, phone deleted successfully
[DEBUG] 2025-10-09 22:30:25.086 [main] TestNG - suiteXmlPath: "C:\Users\Reetanshu Kumar\Documents\GitHub\selenium-restassured-automation\src\main\resources\testng.xml"
[ERROR] 2025-10-09 22:30:25.466 [main] BaseFactory - Test Execution Strategy has not been setup in property file
[INFO ] 2025-10-09 22:30:27.607 [main] Login - login successfull
[INFO ] 2025-10-09 22:30:27.871 [main] Login - Page title: Swag Labs
[INFO ] 2025-10-09 22:30:27.936 [main] Login - Login test passed with product count as: 6
[INFO ] 2025-10-09 22:30:28.277 [main] Login - Browser closed successfully
[INFO ] 2025-10-09 22:30:30.046 [main] APITests - POST Response to phone creation : {"id":"ff8081819782e69e0199c9eae78f075d","name":"Apple IPhone 13-RK","createdAt":"2025-10-09T17:00:39.183+00:00","data":{"year":2021,"price":899.99,"CPU model":"Google Tensor","Hard disk size":"128 GB"}}
[INFO ] 2025-10-09 22:30:30.818 [main] APITests - Device ID: ff8081819782e69e0199c9eae78f075d
[INFO ] 2025-10-09 22:30:31.116 [main] APITests - GET API Test Passed with phone name: Apple IPhone 13-RK
[INFO ] 2025-10-09 22:30:31.344 [main] APITests - PUT Response to phone update: {"id":"ff8081819782e69e0199c9eae78f075d","name":"Apple IPhone 13-RK","updatedAt":"2025-10-09T17:00:40.543+00:00","data":{"year":2021,"price":799.99,"CPU model":"Google Tensor","Hard disk size":"128 GB"}}
[INFO ] 2025-10-09 22:30:31.380 [main] APITests - PUT API Test Passed with phone price: 799.99
[INFO ] 2025-10-09 22:30:31.614 [main] APITests - DELETE Response: {"message":"Object with id = ff8081819782e69e0199c9eae78f075d has been deleted."}
[INFO ] 2025-10-09 22:30:31.852 [main] APITests - DELETE API Test Passed, phone deleted successfully
[DEBUG] 2025-10-09 22:32:55.057 [main] TestNG - suiteXmlPath: "C:\Users\Reetanshu Kumar\Documents\GitHub\selenium-restassured-automation\src\main\resources\testng.xml"
[ERROR] 2025-10-09 22:32:55.424 [main] BaseFactory - Test Execution Strategy has not been setup in property file
[INFO ] 2025-10-09 22:32:58.246 [main] Login - login successfull
[INFO ] 2025-10-09 22:32:58.478 [main] Login - Page title: Swag Labs
[INFO ] 2025-10-09 22:32:58.609 [main] Login - Login test passed with product count as: 6
[INFO ] 2025-10-09 22:32:59.210 [main] Login - Browser closed successfully
[INFO ] 2025-10-09 22:33:00.708 [main] APITests - POST Response to phone creation : {"id":"ff8081819782e69e0199c9ed34310762","name":"Apple IPhone 13-RK","createdAt":"2025-10-09T17:03:09.873+00:00","data":{"year":2021,"price":899.99,"CPU model":"Google Tensor","Hard disk size":"128 GB"}}
[INFO ] 2025-10-09 22:33:01.353 [main] APITests - Device ID: ff8081819782e69e0199c9ed34310762
[INFO ] 2025-10-09 22:33:01.632 [main] APITests - GET API Test Passed with phone name: Apple IPhone 13-RK
[INFO ] 2025-10-09 22:33:01.866 [main] APITests - PUT Response to phone update: {"id":"ff8081819782e69e0199c9ed34310762","name":"Apple IPhone 13-RK","updatedAt":"2025-10-09T17:03:11.073+00:00","data":{"year":2021,"price":799.99,"CPU model":"Google Tensor","Hard disk size":"128 GB"}}
[INFO ] 2025-10-09 22:33:01.888 [main] APITests - PUT API Test Passed with phone price: 799.99
[INFO ] 2025-10-09 22:33:02.103 [main] APITests - DELETE Response: {"message":"Object with id = ff8081819782e69e0199c9ed34310762 has been deleted."}
[INFO ] 2025-10-09 22:33:02.296 [main] APITests - DELETE API Test Passed, phone deleted successfully
[DEBUG] 2025-10-09 22:35:55.048 [main] TestNG - suiteXmlPath: "C:\Users\Reetanshu Kumar\Documents\GitHub\selenium-restassured-automation\src\main\resources\testng.xml"
[ERROR] 2025-10-09 22:35:55.386 [main] BaseFactory - Test Execution Strategy has not been setup in property file
[INFO ] 2025-10-09 22:35:57.914 [main] Login - login successfull
[INFO ] 2025-10-09 22:35:58.162 [main] Login - Page title: Swag Labs
[INFO ] 2025-10-09 22:35:58.225 [main] Login - Login test passed with product count as: 6
[INFO ] 2025-10-09 22:35:58.554 [main] Login - Browser closed successfully
[INFO ] 2025-10-09 22:36:00.603 [main] APITests - POST Response to phone creation : {"id":"ff8081819782e69e0199c9eff2b50766","name":"Apple IPhone 13-RK","createdAt":"2025-10-09T17:06:09.717+00:00","data":{"year":2021,"price":899.99,"CPU model":"Google Tensor","Hard disk size":"128 GB"}}
[INFO ] 2025-10-09 22:36:01.391 [main] APITests - Device ID: ff8081819782e69e0199c9eff2b50766
[INFO ] 2025-10-09 22:36:01.709 [main] APITests - GET API Test Passed with phone name: Apple IPhone 13-RK
[INFO ] 2025-10-09 22:36:01.992 [main] APITests - PUT Response to phone update: {"id":"ff8081819782e69e0199c9eff2b50766","name":"Apple IPhone 13-RK","updatedAt":"2025-10-09T17:06:11.147+00:00","data":{"year":2021,"price":799.99,"CPU model":"Google Tensor","Hard disk size":"128 GB"}}
[INFO ] 2025-10-09 22:36:02.039 [main] APITests - PUT API Test Passed with phone price: 799.99
[INFO ] 2025-10-09 22:36:02.401 [main] APITests - DELETE Response: {"message":"Object with id = ff8081819782e69e0199c9eff2b50766 has been deleted."}
[INFO ] 2025-10-09 22:36:02.621 [main] APITests - DELETE API Test Passed, phone deleted successfully
[DEBUG] 2025-10-09 22:42:05.861 [main] TestNG - suiteXmlPath: "C:\Users\Reetanshu Kumar\Documents\GitHub\selenium-restassured-automation\src\main\resources\testng.xml"
[INFO ] 2025-10-09 22:42:09.155 [main] Login - login successfull
[INFO ] 2025-10-09 22:42:09.404 [main] Login - Page title: Swag Labs
[INFO ] 2025-10-09 22:42:09.456 [main] Login - Login test passed with product count as: 6
[INFO ] 2025-10-09 22:42:09.825 [main] Login - Browser closed successfully
[INFO ] 2025-10-09 22:42:11.738 [main] APITests - POST Response to phone creation : {"id":"ff8081819782e69e0199c9f59c910775","name":"Apple IPhone 13-RK","createdAt":"2025-10-09T17:12:20.881+00:00","data":{"year":2021,"price":899.99,"CPU model":"Google Tensor","Hard disk size":"128 GB"}}
[INFO ] 2025-10-09 22:42:12.459 [main] APITests - Device ID: ff8081819782e69e0199c9f59c910775
[INFO ] 2025-10-09 22:42:12.732 [main] APITests - GET API Test Passed with phone name: Apple IPhone 13-RK
[INFO ] 2025-10-09 22:42:12.988 [main] APITests - PUT Response to phone update: {"id":"ff8081819782e69e0199c9f59c910775","name":"Apple IPhone 13-RK","updatedAt":"2025-10-09T17:12:22.175+00:00","data":{"year":2021,"price":799.99,"CPU model":"Google Tensor","Hard disk size":"128 GB"}}
[INFO ] 2025-10-09 22:42:13.021 [main] APITests - PUT API Test Passed with phone price: 799.99
[INFO ] 2025-10-09 22:42:13.294 [main] APITests - DELETE Response: {"message":"Object with id = ff8081819782e69e0199c9f59c910775 has been deleted."}
[INFO ] 2025-10-09 22:42:13.601 [main] APITests - DELETE API Test Passed, phone deleted successfully
[DEBUG] 2025-10-09 22:45:41.349 [main] TestNG - suiteXmlPath: "C:\Users\Reetanshu Kumar\Documents\GitHub\selenium-restassured-automation\src\main\resources\testng.xml"
[INFO ] 2025-10-09 22:45:44.845 [main] Login - login successfull
[INFO ] 2025-10-09 22:45:45.097 [main] Login - Page title: Swag Labs
[INFO ] 2025-10-09 22:45:45.141 [main] Login - Login test passed with product count as: 6
[INFO ] 2025-10-09 22:45:45.665 [main] Login - Browser closed successfully
[INFO ] 2025-10-09 22:45:47.467 [main] APITests - POST Response to phone creation : {"id":"ff8081819782e69e0199c9f8e7300779","name":"Apple IPhone 13-RK","createdAt":"2025-10-09T17:15:56.592+00:00","data":{"year":2021,"price":899.99,"CPU model":"Google Tensor","Hard disk size":"128 GB"}}
[INFO ] 2025-10-09 22:45:48.403 [main] APITests - Device ID: ff8081819782e69e0199c9f8e7300779
[INFO ] 2025-10-09 22:45:48.710 [main] APITests - GET API Test Passed with phone name: Apple IPhone 13-RK
[INFO ] 2025-10-09 22:45:49.051 [main] APITests - PUT Response to phone update: {"id":"ff8081819782e69e0199c9f8e7300779","name":"Apple IPhone 13-RK","updatedAt":"2025-10-09T17:15:58.166+00:00","data":{"year":2021,"price":799.99,"CPU model":"Google Tensor","Hard disk size":"128 GB"}}
[INFO ] 2025-10-09 22:45:49.107 [main] APITests - PUT API Test Passed with phone price: 799.99
[INFO ] 2025-10-09 22:45:49.360 [main] APITests - DELETE Response: {"message":"Object with id = ff8081819782e69e0199c9f8e7300779 has been deleted."}
[INFO ] 2025-10-09 22:45:49.556 [main] APITests - DELETE API Test Passed, phone deleted successfully
[DEBUG] 2025-10-09 22:48:23.198 [main] TestNG - suiteXmlPath: "C:\Users\Reetanshu Kumar\Documents\GitHub\selenium-restassured-automation\src\main\resources\testng.xml"
[INFO ] 2025-10-09 22:48:26.963 [main] Login - login successfull
[INFO ] 2025-10-09 22:48:27.231 [main] Login - Page title: Swag Labs
[INFO ] 2025-10-09 22:48:27.285 [main] Login - Login test passed with product count as: 6
[INFO ] 2025-10-09 22:48:27.777 [main] Login - Browser closed successfully
[INFO ] 2025-10-09 22:48:29.709 [main] APITests - POST Response to phone creation : {"id":"ff8081819782e69e0199c9fb611a0785","name":"Apple IPhone 13-RK","createdAt":"2025-10-09T17:18:38.874+00:00","data":{"year":2021,"price":899.99,"CPU model":"Google Tensor","Hard disk size":"128 GB"}}
[INFO ] 2025-10-09 22:48:30.486 [main] APITests - Device ID: ff8081819782e69e0199c9fb611a0785
[INFO ] 2025-10-09 22:48:30.800 [main] APITests - GET API Test Passed with phone name: Apple IPhone 13-RK
[INFO ] 2025-10-09 22:48:31.052 [main] APITests - PUT Response to phone update: {"id":"ff8081819782e69e0199c9fb611a0785","name":"Apple IPhone 13-RK","updatedAt":"2025-10-09T17:18:40.241+00:00","data":{"year":2021,"price":799.99,"CPU model":"Google Tensor","Hard disk size":"128 GB"}}
[INFO ] 2025-10-09 22:48:31.088 [main] APITests - PUT API Test Passed with phone price: 799.99
[INFO ] 2025-10-09 22:48:31.459 [main] APITests - DELETE Response: {"message":"Object with id = ff8081819782e69e0199c9fb611a0785 has been deleted."}
[INFO ] 2025-10-09 22:48:31.970 [main] APITests - DELETE API Test Passed, phone deleted successfully
[DEBUG] 2025-10-09 22:51:05.475 [main] TestNG - suiteXmlPath: "C:\Users\Reetanshu Kumar\Documents\GitHub\selenium-restassured-automation\src\main\resources\testng.xml"
[INFO ] 2025-10-09 22:51:09.162 [main] Login - login successfull
[INFO ] 2025-10-09 22:51:09.466 [main] Login - Page title: Swag Labs
[INFO ] 2025-10-09 22:51:09.521 [main] Login - Login test passed with product count as: 6
[INFO ] 2025-10-09 22:51:09.780 [main] Login - Browser closed successfully
[INFO ] 2025-10-09 22:51:11.771 [main] APITests - POST Response to phone creation : {"id":"ff8081819782e69e0199c9fdd9c0078c","name":"Apple IPhone 13-RK","createdAt":"2025-10-09T17:21:20.832+00:00","data":{"year":2021,"price":899.99,"CPU model":"Google Tensor","Hard disk size":"128 GB"}}
[INFO ] 2025-10-09 22:51:12.487 [main] APITests - Device ID: ff8081819782e69e0199c9fdd9c0078c
[INFO ] 2025-10-09 22:51:12.861 [main] APITests - GET API Test Passed with phone name: Apple IPhone 13-RK
[INFO ] 2025-10-09 22:51:13.148 [main] APITests - PUT Response to phone update: {"id":"ff8081819782e69e0199c9fdd9c0078c","name":"Apple IPhone 13-RK","updatedAt":"2025-10-09T17:21:22.317+00:00","data":{"year":2021,"price":799.99,"CPU model":"Google Tensor","Hard disk size":"128 GB"}}
[INFO ] 2025-10-09 22:51:13.182 [main] APITests - PUT API Test Passed with phone price: 799.99
[INFO ] 2025-10-09 22:51:13.458 [main] APITests - DELETE Response: {"message":"Object with id = ff8081819782e69e0199c9fdd9c0078c has been deleted."}
[INFO ] 2025-10-09 22:51:13.664 [main] APITests - DELETE API Test Passed, phone deleted successfully
[DEBUG] 2025-10-09 22:54:14.523 [main] TestNG - suiteXmlPath: "C:\Users\Reetanshu Kumar\Documents\GitHub\selenium-restassured-automation\src\main\resources\testng.xml"
[INFO ] 2025-10-09 22:54:18.226 [main] Login - login successfull
[INFO ] 2025-10-09 22:54:18.472 [main] Login - Page title: Swag Labs
[INFO ] 2025-10-09 22:54:18.548 [main] Login - Login test passed with product count as: 6
[INFO ] 2025-10-09 22:54:18.795 [main] Login - Browser closed successfully
[INFO ] 2025-10-09 22:54:20.996 [main] APITests - POST Response to phone creation : {"id":"ff8081819782e69e0199ca00bd1b0793","name":"Apple IPhone 13-RK","createdAt":"2025-10-09T17:24:30.108+00:00","data":{"year":2021,"price":899.99,"CPU model":"Google Tensor","Hard disk size":"128 GB"}}
[INFO ] 2025-10-09 22:54:21.777 [main] APITests - Device ID: ff8081819782e69e0199ca00bd1b0793
[INFO ] 2025-10-09 22:54:22.104 [main] APITests - GET API Test Passed with phone name: Apple IPhone 13-RK
[INFO ] 2025-10-09 22:54:22.398 [main] APITests - PUT Response to phone update: {"id":"ff8081819782e69e0199ca00bd1b0793","name":"Apple IPhone 13-RK","updatedAt":"2025-10-09T17:24:31.571+00:00","data":{"year":2021,"price":799.99,"CPU model":"Google Tensor","Hard disk size":"128 GB"}}
[INFO ] 2025-10-09 22:54:22.439 [main] APITests - PUT API Test Passed with phone price: 799.99
[INFO ] 2025-10-09 22:54:22.692 [main] APITests - DELETE Response: {"message":"Object with id = ff8081819782e69e0199ca00bd1b0793 has been deleted."}
[INFO ] 2025-10-09 22:54:23.000 [main] APITests - DELETE API Test Passed, phone deleted successfully
[DEBUG] 2025-10-09 22:58:01.116 [main] TestNG - suiteXmlPath: "C:\Users\Reetanshu Kumar\Documents\GitHub\selenium-restassured-automation\src\main\resources\testng.xml"
[INFO ] 2025-10-09 22:58:04.060 [main] Login - login successfull
[INFO ] 2025-10-09 22:58:04.211 [main] Login - Page title: Swag Labs
[INFO ] 2025-10-09 22:58:04.272 [main] Login - Login test passed with product count as: 6
[INFO ] 2025-10-09 22:58:04.505 [main] Login - Browser closed successfully
[INFO ] 2025-10-09 22:58:06.071 [main] APITests - POST Response to phone creation : {"id":"ff8081819782e69e0199ca042c5f079b","name":"Apple IPhone 13-RK","createdAt":"2025-10-09T17:28:15.199+00:00","data":{"year":2021,"price":899.99,"CPU model":"Google Tensor","Hard disk size":"128 GB"}}
[INFO ] 2025-10-09 22:58:06.944 [main] APITests - Device ID: ff8081819782e69e0199ca042c5f079b
[INFO ] 2025-10-09 22:58:07.282 [main] APITests - GET API Test Passed with phone name: Apple IPhone 13-RK
[INFO ] 2025-10-09 22:58:07.573 [main] APITests - PUT Response to phone update: {"id":"ff8081819782e69e0199ca042c5f079b","name":"Apple IPhone 13-RK","updatedAt":"2025-10-09T17:28:16.725+00:00","data":{"year":2021,"price":799.99,"CPU model":"Google Tensor","Hard disk size":"128 GB"}}
[INFO ] 2025-10-09 22:58:07.597 [main] APITests - PUT API Test Passed with phone price: 799.99
[INFO ] 2025-10-09 22:58:07.869 [main] APITests - DELETE Response: {"message":"Object with id = ff8081819782e69e0199ca042c5f079b has been deleted."}
[INFO ] 2025-10-09 22:58:08.177 [main] APITests - DELETE API Test Passed, phone deleted successfully
[DEBUG] 2025-10-09 23:05:56.190 [main] TestNG - suiteXmlPath: "C:\Users\Reetanshu Kumar\Documents\GitHub\selenium-restassured-automation\src\main\resources\testng.xml"
[INFO ] 2025-10-09 23:05:59.739 [main] Login - login successfull
[INFO ] 2025-10-09 23:05:59.973 [main] Login - Page title: Swag Labs
[INFO ] 2025-10-09 23:06:00.036 [main] Login - Login test passed with product count as: 6
[INFO ] 2025-10-09 23:06:00.438 [main] Login - Browser closed successfully
[INFO ] 2025-10-09 23:06:02.550 [main] APITests - POST Response to phone creation : {"id":"ff8081819782e69e0199ca0b718f07aa","name":"Apple IPhone 13-RK","createdAt":"2025-10-09T17:36:11.663+00:00","data":{"year":2021,"price":899.99,"CPU model":"Google Tensor","Hard disk size":"128 GB"}}
[INFO ] 2025-10-09 23:06:03.206 [main] APITests - Device ID: ff8081819782e69e0199ca0b718f07aa
[INFO ] 2025-10-09 23:06:03.541 [main] APITests - GET API Test Passed with phone name: Apple IPhone 13-RK
[INFO ] 2025-10-09 23:06:03.828 [main] APITests - PUT Response to phone update: {"id":"ff8081819782e69e0199ca0b718f07aa","name":"Apple IPhone 13-RK","updatedAt":"2025-10-09T17:36:13.016+00:00","data":{"year":2021,"price":799.99,"CPU model":"Google Tensor","Hard disk size":"128 GB"}}
[INFO ] 2025-10-09 23:06:03.862 [main] APITests - PUT API Test Passed with phone price: 799.99
[INFO ] 2025-10-09 23:06:04.131 [main] APITests - DELETE Response: {"message":"Object with id = ff8081819782e69e0199ca0b718f07aa has been deleted."}
[INFO ] 2025-10-09 23:06:04.339 [main] APITests - DELETE API Test Passed, phone deleted successfully
[DEBUG] 2025-10-09 23:09:11.301 [main] TestNG - suiteXmlPath: "C:\Users\Reetanshu Kumar\Documents\GitHub\selenium-restassured-automation\src\main\resources\testng.xml"
[DEBUG] 2025-10-09 23:11:06.088 [main] TestNG - suiteXmlPath: "C:\Users\Reetanshu Kumar\Documents\GitHub\selenium-restassured-automation\src\main\resources\testng.xml"
[INFO ] 2025-10-09 23:11:09.156 [main] Login - login successfull
[INFO ] 2025-10-09 23:11:09.379 [main] Login - Page title: Swag Labs
[INFO ] 2025-10-09 23:11:09.421 [main] Login - Login test passed with product count as: 6
[INFO ] 2025-10-09 23:11:09.745 [main] Login - Browser closed successfully
[INFO ] 2025-10-09 23:11:11.693 [main] APITests - POST Response to phone creation : {"id":"ff8081819782e69e0199ca10293907b6","name":"Apple IPhone 13-RK","createdAt":"2025-10-09T17:41:20.825+00:00","data":{"year":2021,"price":899.99,"CPU model":"Google Tensor","Hard disk size":"128 GB"}}
[INFO ] 2025-10-09 23:11:12.573 [main] APITests - Device ID: ff8081819782e69e0199ca10293907b6
[INFO ] 2025-10-09 23:11:12.901 [main] APITests - GET API Test Passed with phone name: Apple IPhone 13-RK
[INFO ] 2025-10-09 23:11:13.181 [main] APITests - PUT Response to phone update: {"id":"ff8081819782e69e0199ca10293907b6","name":"Apple IPhone 13-RK","updatedAt":"2025-10-09T17:41:22.390+00:00","data":{"year":2021,"price":799.99,"CPU model":"Google Tensor","Hard disk size":"128 GB"}}
[INFO ] 2025-10-09 23:11:13.210 [main] APITests - PUT API Test Passed with phone price: 799.99
[INFO ] 2025-10-09 23:11:13.483 [main] APITests - DELETE Response: {"message":"Object with id = ff8081819782e69e0199ca10293907b6 has been deleted."}
[INFO ] 2025-10-09 23:11:13.793 [main] APITests - DELETE API Test Passed, phone deleted successfully
